<?xml version="1.0" encoding="UTF-8"?>
<testsuites name="jest tests" tests="3" failures="0" errors="0" time="0.286">
  <testsuite name="IsoMessageAddedSubscription filter/getPayload" errors="0" failures="0" skipped="0" timestamp="2025-10-29T00:41:50" time="0.249" tests="3">
    <testcase classname="IsoMessageAddedSubscription filter/getPayload returns true when iso message exists" name="IsoMessageAddedSubscription filter/getPayload returns true when iso message exists" time="0.003">
    </testcase>
    <testcase classname="IsoMessageAddedSubscription filter/getPayload returns false when iso message not found" name="IsoMessageAddedSubscription filter/getPayload returns false when iso message not found" time="0.001">
    </testcase>
    <testcase classname="IsoMessageAddedSubscription filter/getPayload getPayload maps isoMessage from obj" name="IsoMessageAddedSubscription filter/getPayload getPayload maps isoMessage from obj" time="0">
    </testcase>
  </testsuite>
</testsuites>